// Jest Snapshot v1, https://goo.gl/fbAQLP

exports[`test BottomBar should match to snapshot 1`] = `ShallowWrapper {}`;
