// Jest Snapshot v1, https://goo.gl/fbAQLP

exports[`test ForgotPasswordScreen Should match to snapshot 1`] = `ShallowWrapper {}`;
