// Jest Snapshot v1, https://goo.gl/fbAQLP

exports[`test SignUp should match to snapshot 1`] = `ShallowWrapper {}`;
