// Jest Snapshot v1, https://goo.gl/fbAQLP

exports[`test Splash should match to snapshot 1`] = `ShallowWrapper {}`;
