// Jest Snapshot v1, https://goo.gl/fbAQLP

exports[`test DeletedScreen should match to snapshot 1`] = `ShallowWrapper {}`;
