// Jest Snapshot v1, https://goo.gl/fbAQLP

exports[`test Forgot Password should match to snapshot 1`] = `ShallowWrapper {}`;
