// Jest Snapshot v1, https://goo.gl/fbAQLP

exports[`test Note View should match to snapshot 1`] = `ShallowWrapper {}`;
