// Jest Snapshot v1, https://goo.gl/fbAQLP

exports[`test RBSheetProfileOption should match to snapshot 1`] = `ShallowWrapper {}`;
