// Jest Snapshot v1, https://goo.gl/fbAQLP

exports[`test SignInScreen should match to snapshot 1`] = `ShallowWrapper {}`;

exports[`test SignUpScreen should match to snapshot 1`] = `ShallowWrapper {}`;
