// Jest Snapshot v1, https://goo.gl/fbAQLP

exports[`test Login test when render should match to snapshot 1`] = `ShallowWrapper {}`;

exports[`test SignIn test when render should match to snapshot 1`] = `ShallowWrapper {}`;
